// Jest Snapshot v1, https://goo.gl/fbAQLP

exports[`should render correctly 1`] = `
ShallowWrapper {
  Symbol(enzyme.__root__): [Circular],
  Symbol(enzyme.__unrendered__): <Profiles />,
  Symbol(enzyme.__renderer__): Object {
    "batchedUpdates": [Function],
    "getNode": [Function],
    "render": [Function],
    "simulateError": [Function],
    "simulateEvent": [Function],
    "unmount": [Function],
  },
  Symbol(enzyme.__node__): Object {
    "instance": null,
    "key": undefined,
    "nodeType": "host",
    "props": Object {
      "children": Array [
        <ul
          className="users"
>
          <h2
                    className="title"
          >
                    List Of Users
          </h2>
          <li
                    onClick={[Function]}
          >
                    John
                     
                    Roberts
          </li>
          <li
                    onClick={[Function]}
          >
                    Frita
                     
                    Waters
          </li>
          <li
                    onClick={[Function]}
          >
                    Bart
                     
                    Simpson
          </li>
</ul>,
        <div>
          Select A Profile
</div>,
      ],
      "className": "userList",
    },
    "ref": null,
    "rendered": Array [
      Object {
        "instance": null,
        "key": undefined,
        "nodeType": "host",
        "props": Object {
          "children": Array [
            <h2
              className="title"
>
              List Of Users
</h2>,
            Array [
              <li
                onClick={[Function]}
>
                John
                 
                Roberts
</li>,
              <li
                onClick={[Function]}
>
                Frita
                 
                Waters
</li>,
              <li
                onClick={[Function]}
>
                Bart
                 
                Simpson
</li>,
            ],
          ],
          "className": "users",
        },
        "ref": null,
        "rendered": Array [
          Object {
            "instance": null,
            "key": undefined,
            "nodeType": "host",
            "props": Object {
              "children": "List Of Users",
              "className": "title",
            },
            "ref": null,
            "rendered": "List Of Users",
            "type": "h2",
          },
          Object {
            "instance": null,
            "key": "1",
            "nodeType": "host",
            "props": Object {
              "children": Array [
                "John",
                " ",
                "Roberts",
              ],
              "onClick": [Function],
            },
            "ref": null,
            "rendered": Array [
              "John",
              " ",
              "Roberts",
            ],
            "type": "li",
          },
          Object {
            "instance": null,
            "key": "2",
            "nodeType": "host",
            "props": Object {
              "children": Array [
                "Frita",
                " ",
                "Waters",
              ],
              "onClick": [Function],
            },
            "ref": null,
            "rendered": Array [
              "Frita",
              " ",
              "Waters",
            ],
            "type": "li",
          },
          Object {
            "instance": null,
            "key": "3",
            "nodeType": "host",
            "props": Object {
              "children": Array [
                "Bart",
                " ",
                "Simpson",
              ],
              "onClick": [Function],
            },
            "ref": null,
            "rendered": Array [
              "Bart",
              " ",
              "Simpson",
            ],
            "type": "li",
          },
        ],
        "type": "ul",
      },
      Object {
        "instance": null,
        "key": undefined,
        "nodeType": "host",
        "props": Object {
          "children": "Select A Profile",
        },
        "ref": null,
        "rendered": "Select A Profile",
        "type": "div",
      },
    ],
    "type": "div",
  },
  Symbol(enzyme.__nodes__): Array [
    Object {
      "instance": null,
      "key": undefined,
      "nodeType": "host",
      "props": Object {
        "children": Array [
          <ul
            className="users"
>
            <h2
                        className="title"
            >
                        List Of Users
            </h2>
            <li
                        onClick={[Function]}
            >
                        John
                         
                        Roberts
            </li>
            <li
                        onClick={[Function]}
            >
                        Frita
                         
                        Waters
            </li>
            <li
                        onClick={[Function]}
            >
                        Bart
                         
                        Simpson
            </li>
</ul>,
          <div>
            Select A Profile
</div>,
        ],
        "className": "userList",
      },
      "ref": null,
      "rendered": Array [
        Object {
          "instance": null,
          "key": undefined,
          "nodeType": "host",
          "props": Object {
            "children": Array [
              <h2
                className="title"
>
                List Of Users
</h2>,
              Array [
                <li
                  onClick={[Function]}
>
                  John
                   
                  Roberts
</li>,
                <li
                  onClick={[Function]}
>
                  Frita
                   
                  Waters
</li>,
                <li
                  onClick={[Function]}
>
                  Bart
                   
                  Simpson
</li>,
              ],
            ],
            "className": "users",
          },
          "ref": null,
          "rendered": Array [
            Object {
              "instance": null,
              "key": undefined,
              "nodeType": "host",
              "props": Object {
                "children": "List Of Users",
                "className": "title",
              },
              "ref": null,
              "rendered": "List Of Users",
              "type": "h2",
            },
            Object {
              "instance": null,
              "key": "1",
              "nodeType": "host",
              "props": Object {
                "children": Array [
                  "John",
                  " ",
                  "Roberts",
                ],
                "onClick": [Function],
              },
              "ref": null,
              "rendered": Array [
                "John",
                " ",
                "Roberts",
              ],
              "type": "li",
            },
            Object {
              "instance": null,
              "key": "2",
              "nodeType": "host",
              "props": Object {
                "children": Array [
                  "Frita",
                  " ",
                  "Waters",
                ],
                "onClick": [Function],
              },
              "ref": null,
              "rendered": Array [
                "Frita",
                " ",
                "Waters",
              ],
              "type": "li",
            },
            Object {
              "instance": null,
              "key": "3",
              "nodeType": "host",
              "props": Object {
                "children": Array [
                  "Bart",
                  " ",
                  "Simpson",
                ],
                "onClick": [Function],
              },
              "ref": null,
              "rendered": Array [
                "Bart",
                " ",
                "Simpson",
              ],
              "type": "li",
            },
          ],
          "type": "ul",
        },
        Object {
          "instance": null,
          "key": undefined,
          "nodeType": "host",
          "props": Object {
            "children": "Select A Profile",
          },
          "ref": null,
          "rendered": "Select A Profile",
          "type": "div",
        },
      ],
      "type": "div",
    },
  ],
  Symbol(enzyme.__options__): Object {
    "adapter": ReactSixteenAdapter {
      "options": Object {
        "enableComponentDidUpdateOnSetState": true,
        "lifecycles": Object {
          "componentDidUpdate": Object {
            "onSetState": true,
          },
          "getDerivedStateFromProps": true,
          "getSnapshotBeforeUpdate": true,
          "setState": Object {
            "skipsComponentDidUpdateOnNullish": true,
          },
        },
      },
    },
    "attachTo": undefined,
    "hydrateIn": undefined,
  },
}
`;
